=== Beja
=== Antandroy
madagascar__antandroy.long.md: 0 unsupported
madagascar__antandroy.md: 0 unsupported
=== Ha
tanzania__ha.long.md: 0 unsupported
tanzania__ha.md: 1 unsupported: term not in the sources: Maiden's ornament (maiden's)
  fixed 1 terms; left: none
=== Kru
cote-d-ivoire-liberia__kru.long.md: 0 unsupported
cote-d-ivoire-liberia__kru.md: 0 unsupported
=== Toposa
south-sudan__toposa.long.md: 0 unsupported
south-sudan__toposa.md: 0 unsupported
=== Nyamwezi
tanzania__nyamwezi.long.md: 0 unsupported
tanzania__nyamwezi.md: 0 unsupported
=== Mahafaly
madagascar__mahafaly.long.md: 0 unsupported
madagascar__mahafaly.md: 0 unsupported
=== Zafimaniry
madagascar__zafimaniry.long.md: 0 unsupported
madagascar__zafimaniry.md: 0 unsupported
=== Chaga
tanzania__chaga.long.md: 0 unsupported
tanzania__chaga.md: 0 unsupported
=== Bena
tanzania__bena.long.md: 0 unsupported
tanzania__bena.md: 0 unsupported
=== Nuer
south-sudan__nuer.long.md: 0 unsupported
south-sudan__nuer.md: 0 unsupported
=== Tallensi
ghana__tallensi.long.md: 0 unsupported
ghana__tallensi.md: 0 unsupported
=== Konkomba
ghana__konkomba.long.md: 0 unsupported
ghana__konkomba.md: 0 unsupported
=== Mano
liberia__mano.long.md: 0 unsupported
liberia__mano.md: 0 unsupported
=== Bezanozano
madagascar__bezanozano.long.md: 0 unsupported
madagascar__bezanozano.md: 0 unsupported
=== Teso
uganda__teso.long.md: 0 unsupported
uganda__teso.md: 0 unsupported
=== Zinza
tanzania__zinza.long.md: 0 unsupported
tanzania__zinza.md: 0 unsupported
=== Lega
democratic-republic-of-the-congo__lega.long.md: 0 unsupported
democratic-republic-of-the-congo__lega.md: 0 unsupported
=== Margi
nigeria__margi.long.md: 0 unsupported
nigeria__margi.md: 0 unsupported
=== Iñupiaq
united-states__inupiaq.long.md: 0 unsupported
united-states__inupiaq.md: 0 unsupported
=== Innu
canada__innu.long.md: 0 unsupported
canada__innu.md: 0 unsupported
=== Ho-Chunk
united-states__ho-chunk.long.md: 0 unsupported
united-states__ho-chunk.md: 0 unsupported
=== Osage
united-states__osage.long.md: 0 unsupported
united-states__osage.md: 0 unsupported
=== Asháninka
peru__ashaninka.long.md: 1 unsupported: term not in the sources: cushma (cushma)
peru__ashaninka.md: 0 unsupported
=== Xavante
brazil__xavante.long.md: 0 unsupported
brazil__xavante.md: 0 unsupported
=== Krahô
brazil__kraho.long.md: 0 unsupported
brazil__kraho.md: 0 unsupported
=== Ye'kuana
venezuela__ye-kuana.long.md: 0 unsupported
venezuela__ye-kuana.md: 0 unsupported
=== Mopan
guatemala__mopan.long.md: 1 unsupported: term not in the sources: Dance & theatre (theatre)
guatemala__mopan.md: 0 unsupported
=== Ida'an
malaysia__ida-an.long.md: 0 unsupported
malaysia__ida-an.md: 0 unsupported
=== Apatani
india__apatani.long.md: 0 unsupported
india__apatani.md: 0 unsupported
