=== Antandroy

== Antandroy added ==
  Records: 21
  Images:  21
=== Ha

== Ha added ==
  Records: 27
  Images:  27
=== Kru

== Kru added ==
  Records: 14
  Images:  14
=== Toposa

== Toposa added ==
  Records: 28
  Images:  28
=== Nyamwezi

== Nyamwezi added ==
  Records: 20
  Images:  20
=== Mahafaly

== Mahafaly added ==
  Records: 29
  Images:  29
=== Zafimaniry
           ^^^^^^^^^^^^^^^^^^^
  File "C:\WPy64-31180\python-3.11.8.amd64\Lib\site-packages\curl_cffi\requests\session.py", line 739, in _request_once
    raise error(str(e), e.code, rsp) from e
curl_cffi.requests.exceptions.SSLError: Failed to perform, curl: (35) TLS connect error: error:00000000:invalid library (0):OPENSSL_internal:invalid library (0). See https://curl.se/libcurl/c/libcurl-errors.html first for more details.
=== Chaga

== Chaga added ==
  Records: 7
  Images:  7
=== Bena

== Bena added ==
  Records: 27
  Images:  27
=== Nuer

== Nuer added ==
  Records: 18
  Images:  18
=== Tallensi

== Tallensi added ==
  Records: 29
  Images:  29
=== Konkomba

== Konkomba added ==
  Records: 20
  Images:  20
=== Mano

== Mano added ==
  Records: 22
  Images:  22
=== Bezanozano

== Bezanozano added ==
  Records: 17
  Images:  17
=== Teso

== Teso added ==
  Records: 13
  Images:  13
=== Zinza

== Zinza added ==
  Records: 7
  Images:  7
=== Lega

== Lega added ==
  Records: 20
  Images:  20
=== Margi

== Margi added ==
  Records: 14
  Images:  14
=== Iñupiaq

== Iñupiaq added ==
  Records: 23
  Images:  23
=== Innu

== Innu added ==
  Records: 10
  Images:  10
=== Ho-Chunk

== Ho-Chunk added ==
  Records: 12
  Images:  12
=== Osage

== Osage added ==
  Records: 17
  Images:  17
=== Asháninka

== Asháninka added ==
  Records: 22
  Images:  22
=== Xavante

== Xavante added ==
  Records: 29
  Images:  29
=== Krahô

== Krahô added ==
  Records: 29
  Images:  29
=== Ye'kuana

== Ye'kuana added ==
  Records: 22
  Images:  22
=== Mopan

== Mopan added ==
  Records: 31
  Images:  31
=== Ida'an

== Ida'an added ==
  Records: 32
  Images:  32
=== Apatani

== Apatani added ==
  Records: 31
  Images:  31
done
